warning: Git tree '/home/enderman/nixos' is dirty
warning: Git tree '/home/enderman/nixos' is dirty
warning: Git tree '/home/enderman/nixos' is dirty
warning: Git tree '/home/enderman/nixos' is dirty
Starting Home Manager activation
Activating checkFilesChanged
Activating checkLinkTargets
Activating writeBoundary
No change so reusing latest profile generation
Activating installPackages
replacing old 'home-manager-path'
installing 'home-manager-path'
Activating linkGeneration
Cleaning up orphan links from /home/enderman
Creating home file links in /home/enderman
Activating onFilesChange
Activating reloadSystemd
The user systemd session is degraded:
  UNIT                          LOAD   ACTIVE SUB    DESCRIPTION
● app-vesktop@autostart.service loaded failed failed Vesktop

Legend: LOAD   → Reflects whether the unit definition was properly loaded.
        ACTIVE → The high-level unit activation state, i.e. generalization of SUB.
        SUB    → The low-level unit activation state, values depend on unit type.

1 loaded units listed.
Attempting to reload services anyway...
The service manager is degraded.
Failed services: app-vesktop@autostart.service
Attempting to continue anyway...
warning: Git tree '/home/enderman/nixos' is dirty

There are 201 unread and relevant news items.
Read them by running the command "home-manager news".

