warning: Git tree '/home/enderman/nixos' is dirty
building the system configuration...
warning: Git tree '/home/enderman/nixos' is dirty
evaluation warning: The option `hardware.pulseaudio' defined in `/nix/store/d7db10026f0md6g42gh31828cmf9m58c-source/nixos/modules/sound.nix' has been renamed to `services.pulseaudio'.
evaluation warning: The option `hardware.pulseaudio' defined in `/nix/store/d7db10026f0md6g42gh31828cmf9m58c-source/nixos/modules/sound.nix' has been renamed to `services.pulseaudio'.
these 43 derivations will be built:
  /nix/store/7nyp0lsbbvkgwxvyjszj7j2cw8cdwgnw-options.json.drv
  /nix/store/z412aix49hnlkb6cii9sq8mdncmnjark-nixos-manual-html.drv
  /nix/store/w2a3c2xa9y4l6wi89yvyqs54bg9cxhwr-nixos-help.drv
  /nix/store/fs5ddm34z3i97khif47q6iy3vqmzfszr-nixos-help.drv
  /nix/store/ry11yx0flz17g0rqsrrm4qsmvn8ajz08-nixos-configuration-reference-manpage.drv
  /nix/store/c30wq845256l3z1r1iz64bgn9gd77x7z-system-path.drv
  /nix/store/2ira3cxnihbadqdbi7k6i3hm3xbbr0ns-dbus-1.drv
  /nix/store/accv452cfy5nlhw2zpyy6npdzvbllsxq-X-Restart-Triggers-dbus.drv
  /nix/store/jnk62dh93vjwy3irl4rxm64jgb1lhxs0-unit-dbus.service.drv
  /nix/store/06sfdiqzms4ip7f6nadls83dh3ldn4lg-user-units.drv
  /nix/store/10i02h72zriklmyfzg8x820m5ivb58h2-X-Restart-Triggers-polkit.drv
  /nix/store/y6ap30b173l1n2sic6q16xbn26fah64f-steam-run-fhsenv-rootfs.drv
  /nix/store/wsryarrr3k00xizf9s03hmm92glg7khi-steam-run-bwrap.drv
  /nix/store/aj1j7gkvr0i0jajzz0jhyd9ya92cy0g4-steam-run.drv
  /nix/store/i2ka27lnvvrifx1smsdx0ig1ig3chhh3-steam-fhsenv-rootfs.drv
  /nix/store/lh06295il5cwi23i36g1akk8rm532y73-steam-bwrap.drv
  /nix/store/k0vjfrjlnd3fdjdvrid6f86x2dqmvgi7-steam.drv
  /nix/store/vlw2q7smq3ji9xwn8l5hlb7h3zijr22l-system-path.drv
  /nix/store/7ad5qdpmvphfa79j21mg0x8saagzfwyj-X-Restart-Triggers-polkit.drv
  /nix/store/1i8ivnpi0fi4ax3njld1l9j6mjzapywg-unit-polkit.service.drv
  /nix/store/ds2byiqpc7qg4r2an8vmf2laf7p3r503-boot.json.drv
  /nix/store/mq1nh6awlvcjh8sm1zj4adk8zjjbpv7f-issue.drv
  /nix/store/b7n6salyv5v7n4yw21779syalvifidbx-unit-polkit.service.drv
  /nix/store/rf3fq9jm860xp71lk2b2nzi52cbalkf1-unit-accounts-daemon.service.drv
  /nix/store/wzbz4gqnldlbjihhyap2hgyycmlfrqiz-unit-dbus.service.drv
  /nix/store/vml7mai8xz950mjka7h79yx01sj7hr4f-system-units.drv
  /nix/store/hrxdqzxywmi24y0xh68rd3dsjbpavk2s-etc.drv
  /nix/store/57z9cnqmnay5di69jkv33qmk3j52r9yg-nixos-system-nixos-stable-mesa-25.05.20250409.f675531.drv
  /nix/store/df5f1fhgh9l7g3hxzmgcnqlzxcllkwhd-graphics-drivers-32bit.drv
  /nix/store/pglziywybv1qd09vziix9y8fiy2yf0sz-graphics-drivers.drv
  /nix/store/5jf1nx6411pyyjnkbkz8kr8gayz89av6-graphics-driver.conf.drv
  /nix/store/r5q29b93qdgnckngxw64n3w6z23a8ngd-dbus-1.drv
  /nix/store/ayv9yaxj3bkrf6b4ky5daf8fa6xgxcly-X-Restart-Triggers-dbus.drv
  /nix/store/crl0bd8v4y24a211nnic28qn932mv3m1-unit-dbus.service.drv
  /nix/store/9864ad5xsw18wmxcqsm3x5zn9kg1fx4i-user-units.drv
  /nix/store/hac589yfqvfmgcr2m99wzi4qnqwyhllb-tmpfiles.d.drv
  /nix/store/khi34yi1h98cwr491nx62hyrb33fz87l-X-Restart-Triggers-systemd-tmpfiles-resetup.drv
  /nix/store/aci7sc2sh6cx22yjwqnkf7vnzgcsb3aa-unit-systemd-tmpfiles-resetup.service.drv
  /nix/store/arrhjy0jmk0iqssqfx4zlnkz3nazs54h-unit-accounts-daemon.service.drv
  /nix/store/h53kjbyljc8icp9b17ba9vi9ckcv1rvq-unit-dbus.service.drv
  /nix/store/aybb0n4174blz89llsy36s6ga23v4yy1-system-units.drv
  /nix/store/p1mwznzjamnkik4q8kq5sibcwrb5i016-etc.drv
  /nix/store/q5c1lqy13w4f05g13ibahd75f8c6a5b6-nixos-system-nixos-25.05.20250409.f675531.drv
these 2 paths will be fetched (52.76 MiB download, 208.49 MiB unpacked):
  /nix/store/z09mc8kvs4az7nr2cc39plcddrrz694z-lazy-options.json
  /nix/store/fby1p6b3h39lnhqqfsz8j2g2rcjiwrwk-mesa-3e8239
building '/nix/store/ds2byiqpc7qg4r2an8vmf2laf7p3r503-boot.json.drv'...
building '/nix/store/mq1nh6awlvcjh8sm1zj4adk8zjjbpv7f-issue.drv'...
building '/nix/store/pglziywybv1qd09vziix9y8fiy2yf0sz-graphics-drivers.drv'...
copying path '/nix/store/fby1p6b3h39lnhqqfsz8j2g2rcjiwrwk-mesa-3e8239' from 'https://chaotic-nyx.cachix.org'...
copying path '/nix/store/z09mc8kvs4az7nr2cc39plcddrrz694z-lazy-options.json' from 'https://cache.nixos.org'...
building '/nix/store/7nyp0lsbbvkgwxvyjszj7j2cw8cdwgnw-options.json.drv'...
building '/nix/store/ry11yx0flz17g0rqsrrm4qsmvn8ajz08-nixos-configuration-reference-manpage.drv'...
building '/nix/store/z412aix49hnlkb6cii9sq8mdncmnjark-nixos-manual-html.drv'...
building '/nix/store/df5f1fhgh9l7g3hxzmgcnqlzxcllkwhd-graphics-drivers-32bit.drv'...
building '/nix/store/i2ka27lnvvrifx1smsdx0ig1ig3chhh3-steam-fhsenv-rootfs.drv'...
building '/nix/store/y6ap30b173l1n2sic6q16xbn26fah64f-steam-run-fhsenv-rootfs.drv'...
building '/nix/store/5jf1nx6411pyyjnkbkz8kr8gayz89av6-graphics-driver.conf.drv'...
building '/nix/store/hac589yfqvfmgcr2m99wzi4qnqwyhllb-tmpfiles.d.drv'...
building '/nix/store/khi34yi1h98cwr491nx62hyrb33fz87l-X-Restart-Triggers-systemd-tmpfiles-resetup.drv'...
building '/nix/store/w2a3c2xa9y4l6wi89yvyqs54bg9cxhwr-nixos-help.drv'...
building '/nix/store/aci7sc2sh6cx22yjwqnkf7vnzgcsb3aa-unit-systemd-tmpfiles-resetup.service.drv'...
building '/nix/store/fs5ddm34z3i97khif47q6iy3vqmzfszr-nixos-help.drv'...
building '/nix/store/c30wq845256l3z1r1iz64bgn9gd77x7z-system-path.drv'...
building '/nix/store/lh06295il5cwi23i36g1akk8rm532y73-steam-bwrap.drv'...
building '/nix/store/wsryarrr3k00xizf9s03hmm92glg7khi-steam-run-bwrap.drv'...
building '/nix/store/k0vjfrjlnd3fdjdvrid6f86x2dqmvgi7-steam.drv'...
building '/nix/store/10i02h72zriklmyfzg8x820m5ivb58h2-X-Restart-Triggers-polkit.drv'...
building '/nix/store/2ira3cxnihbadqdbi7k6i3hm3xbbr0ns-dbus-1.drv'...
building '/nix/store/aj1j7gkvr0i0jajzz0jhyd9ya92cy0g4-steam-run.drv'...
building '/nix/store/rf3fq9jm860xp71lk2b2nzi52cbalkf1-unit-accounts-daemon.service.drv'...
building '/nix/store/accv452cfy5nlhw2zpyy6npdzvbllsxq-X-Restart-Triggers-dbus.drv'...
building '/nix/store/b7n6salyv5v7n4yw21779syalvifidbx-unit-polkit.service.drv'...
building '/nix/store/vlw2q7smq3ji9xwn8l5hlb7h3zijr22l-system-path.drv'...
building '/nix/store/jnk62dh93vjwy3irl4rxm64jgb1lhxs0-unit-dbus.service.drv'...
building '/nix/store/wzbz4gqnldlbjihhyap2hgyycmlfrqiz-unit-dbus.service.drv'...
building '/nix/store/06sfdiqzms4ip7f6nadls83dh3ldn4lg-user-units.drv'...
building '/nix/store/vml7mai8xz950mjka7h79yx01sj7hr4f-system-units.drv'...
building '/nix/store/hrxdqzxywmi24y0xh68rd3dsjbpavk2s-etc.drv'...
building '/nix/store/57z9cnqmnay5di69jkv33qmk3j52r9yg-nixos-system-nixos-stable-mesa-25.05.20250409.f675531.drv'...
building '/nix/store/7ad5qdpmvphfa79j21mg0x8saagzfwyj-X-Restart-Triggers-polkit.drv'...
building '/nix/store/r5q29b93qdgnckngxw64n3w6z23a8ngd-dbus-1.drv'...
building '/nix/store/arrhjy0jmk0iqssqfx4zlnkz3nazs54h-unit-accounts-daemon.service.drv'...
building '/nix/store/ayv9yaxj3bkrf6b4ky5daf8fa6xgxcly-X-Restart-Triggers-dbus.drv'...
building '/nix/store/1i8ivnpi0fi4ax3njld1l9j6mjzapywg-unit-polkit.service.drv'...
building '/nix/store/crl0bd8v4y24a211nnic28qn932mv3m1-unit-dbus.service.drv'...
building '/nix/store/h53kjbyljc8icp9b17ba9vi9ckcv1rvq-unit-dbus.service.drv'...
building '/nix/store/9864ad5xsw18wmxcqsm3x5zn9kg1fx4i-user-units.drv'...
building '/nix/store/aybb0n4174blz89llsy36s6ga23v4yy1-system-units.drv'...
building '/nix/store/p1mwznzjamnkik4q8kq5sibcwrb5i016-etc.drv'...
building '/nix/store/q5c1lqy13w4f05g13ibahd75f8c6a5b6-nixos-system-nixos-25.05.20250409.f675531.drv'...
stopping the following units: accounts-daemon.service, systemd-tmpfiles-resetup.service
activating the configuration...
setting up /etc...
reloading user units for enderman...
restarting sysinit-reactivation.target
reloading the following units: dbus.service
restarting the following units: polkit.service
starting the following units: accounts-daemon.service, systemd-tmpfiles-resetup.service
the following new units were started: NetworkManager-dispatcher.service
Done. The new configuration is /nix/store/049xmkc5q0jrvx8y5vqk0ryyrlfggsn0-nixos-system-nixos-25.05.20250409.f675531
